[     787ms] [WARNING] Warning: fragment with name ClusterTileExplore already exists.
graphql-tag enforces all fragment names across your application to be unique; read more about
this in the docs: http://dev.apollodata.com/core/fragments.html#unique-names @ https://www.cosmos.so/_next/static/chunks/1fnj5netqckvr.js:11
[     788ms] [WARNING] Warning: fragment with name UserPublicProfile already exists.
graphql-tag enforces all fragment names across your application to be unique; read more about
this in the docs: http://dev.apollodata.com/core/fragments.html#unique-names @ https://www.cosmos.so/_next/static/chunks/1fnj5netqckvr.js:11
[     788ms] [WARNING] Warning: fragment with name VerifiedProfile already exists.
graphql-tag enforces all fragment names across your application to be unique; read more about
this in the docs: http://dev.apollodata.com/core/fragments.html#unique-names @ https://www.cosmos.so/_next/static/chunks/1fnj5netqckvr.js:11
[     788ms] [WARNING] Warning: fragment with name ElementMedia already exists.
graphql-tag enforces all fragment names across your application to be unique; read more about
this in the docs: http://dev.apollodata.com/core/fragments.html#unique-names @ https://www.cosmos.so/_next/static/chunks/1fnj5netqckvr.js:11
[     794ms] [WARNING] Warning: fragment with name ElementTile already exists.
graphql-tag enforces all fragment names across your application to be unique; read more about
this in the docs: http://dev.apollodata.com/core/fragments.html#unique-names @ https://www.cosmos.so/_next/static/chunks/1fnj5netqckvr.js:11
[     795ms] [WARNING] Warning: fragment with name ElementSource already exists.
graphql-tag enforces all fragment names across your application to be unique; read more about
this in the docs: http://dev.apollodata.com/core/fragments.html#unique-names @ https://www.cosmos.so/_next/static/chunks/1fnj5netqckvr.js:11
[     795ms] [WARNING] Warning: fragment with name ElementUserContext already exists.
graphql-tag enforces all fragment names across your application to be unique; read more about
this in the docs: http://dev.apollodata.com/core/fragments.html#unique-names @ https://www.cosmos.so/_next/static/chunks/1fnj5netqckvr.js:11
[    6330ms] [ERROR] Failed to load resource: the server responded with a status of 429 () @ https://o4504254864031744.ingest.us.sentry.io/api/5893061/envelope/?sentry_version=7&sentry_key=7d5fb0d736d94771a4f3e9aeb0b91e47&sentry_client=sentry.javascript.nextjs%2F10.38.0:0
[   18013ms] [VERBOSE] [DOM] Input elements should have autocomplete attributes (suggested: "current-password"): (More info: https://goo.gl/9p2vKq) %o @ https://www.cosmos.so/login:0
[   19289ms] [ERROR] Failed to load resource: the server responded with a status of 429 () @ https://o4504254864031744.ingest.us.sentry.io/api/5893061/envelope/?sentry_version=7&sentry_key=7d5fb0d736d94771a4f3e9aeb0b91e47&sentry_client=sentry.javascript.nextjs%2F10.38.0:0
[   37277ms] [WARNING] using deprecated parameters for the initialization function; pass a single object instead @ https://www.cosmos.so/_next/static/chunks/1fnj5netqckvr.js:11
[   37437ms] [ERROR] Failed to load resource: the server responded with a status of 400 () @ https://www.cosmos.so/api/login/check-verified-profile:0
[   45923ms] [ERROR] Failed to load resource: the server responded with a status of 400 () @ https://www.cosmos.so/api/login/check-verified-profile:0
[   53763ms] [ERROR] Failed to load resource: the server responded with a status of 400 () @ https://www.cosmos.so/api/login/check-verified-profile:0
[  160696ms] [ERROR] Failed to load resource: the server responded with a status of 400 () @ https://www.cosmos.so/api/login/check-verified-profile:0
[  195535ms] [ERROR] Failed to load resource: the server responded with a status of 400 () @ https://www.cosmos.so/api/login/check-verified-profile:0
[  198685ms] [ERROR] Failed to load resource: the server responded with a status of 400 () @ https://www.cosmos.so/api/login/check-verified-profile:0
[  211760ms] [VERBOSE] [DOM] Input elements should have autocomplete attributes (suggested: "current-password"): (More info: https://goo.gl/9p2vKq) %o @ https://www.cosmos.so/login:0
